Archive member included to satisfy reference by file (symbol)

c:/program files (x86)/atmel/studio/7.0/toolchain/avr8/avr8-gnu-toolchain/bin/../lib/gcc/avr/5.4.0/avr5\libgcc.a(_divmodhi4.o)
                              MCAL/TIMERS/TIMERS.o (__divmodhi4)
c:/program files (x86)/atmel/studio/7.0/toolchain/avr8/avr8-gnu-toolchain/bin/../lib/gcc/avr/5.4.0/avr5\libgcc.a(_udivmodsi4.o)
                              HAL/LCD/LCD.o (__udivmodsi4)
c:/program files (x86)/atmel/studio/7.0/toolchain/avr8/avr8-gnu-toolchain/bin/../lib/gcc/avr/5.4.0/avr5\libgcc.a(_exit.o)
                              C:/Program Files (x86)/Atmel/Studio/7.0/Packs/atmel/ATmega_DFP/1.2.209/gcc/dev/atmega32/avr5/crtatmega32.o (exit)
c:/program files (x86)/atmel/studio/7.0/toolchain/avr8/avr8-gnu-toolchain/bin/../lib/gcc/avr/5.4.0/avr5\libgcc.a(_tablejump2.o)
                              HAL/SSD/SSD.o (__tablejump2__)
c:/program files (x86)/atmel/studio/7.0/toolchain/avr8/avr8-gnu-toolchain/bin/../lib/gcc/avr/5.4.0/avr5\libgcc.a(_clear_bss.o)
                              MCAL/TIMERS/TIMERS.o (__do_clear_bss)
c:/program files (x86)/atmel/studio/7.0/toolchain/avr8/avr8-gnu-toolchain/bin/../lib/gcc/avr/5.4.0/avr5\libgcc.a(_umulhisi3.o)
                              HAL/LM35/LM35.o (__umulhisi3)
c:/program files (x86)/atmel/studio/7.0/toolchain/avr8/avr8-gnu-toolchain/bin/../lib/gcc/avr/5.4.0/avr5\libgcc.a(_muluhisi3.o)
                              MCAL/TIMERS/TIMERS.o (__muluhisi3)
c:/program files (x86)/atmel/studio/7.0/toolchain/avr8/avr8-gnu-toolchain/bin/../lib/gcc/avr/5.4.0/avr5\libgcc.a(_udivmodhi4.o)
                              c:/program files (x86)/atmel/studio/7.0/toolchain/avr8/avr8-gnu-toolchain/bin/../lib/gcc/avr/5.4.0/avr5\libgcc.a(_divmodhi4.o) (__udivmodhi4)

Allocating common symbols
Common symbol       size              file

no_of_ov            0x4               MCAL/TIMERS/TIMERS.o
rem_ticks           0x1               MCAL/TIMERS/TIMERS.o
no_of_cm            0x4               MCAL/TIMERS/TIMERS.o

Discarded input sections

 .data          0x00000000        0x0 C:/Program Files (x86)/Atmel/Studio/7.0/Packs/atmel/ATmega_DFP/1.2.209/gcc/dev/atmega32/avr5/crtatmega32.o
 .bss           0x00000000        0x0 C:/Program Files (x86)/Atmel/Studio/7.0/Packs/atmel/ATmega_DFP/1.2.209/gcc/dev/atmega32/avr5/crtatmega32.o
 .text          0x00000000        0x0 APP/main.o
 .data          0x00000000        0x0 APP/main.o
 .bss           0x00000000        0x0 APP/main.o
 .text          0x00000000        0x0 HAL/DC_MOTOR/DC_MOTOR.o
 .data          0x00000000        0x0 HAL/DC_MOTOR/DC_MOTOR.o
 .bss           0x00000000        0x0 HAL/DC_MOTOR/DC_MOTOR.o
 .text.DC_MOTOR_INIT
                0x00000000       0x16 HAL/DC_MOTOR/DC_MOTOR.o
 .text.DC_MOTOR_START
                0x00000000        0x6 HAL/DC_MOTOR/DC_MOTOR.o
 .text.DC_MOTOR_STOP
                0x00000000        0x6 HAL/DC_MOTOR/DC_MOTOR.o
 .text.DC_MOTOR_SET_SPEED_DIRECTION
                0x00000000       0x3a HAL/DC_MOTOR/DC_MOTOR.o
 .debug_info    0x00000000      0x1fb HAL/DC_MOTOR/DC_MOTOR.o
 .debug_abbrev  0x00000000       0xb2 HAL/DC_MOTOR/DC_MOTOR.o
 .debug_loc     0x00000000       0x9e HAL/DC_MOTOR/DC_MOTOR.o
 .debug_aranges
                0x00000000       0x38 HAL/DC_MOTOR/DC_MOTOR.o
 .debug_ranges  0x00000000       0x28 HAL/DC_MOTOR/DC_MOTOR.o
 .debug_line    0x00000000      0x10a HAL/DC_MOTOR/DC_MOTOR.o
 .debug_str     0x00000000      0x1e8 HAL/DC_MOTOR/DC_MOTOR.o
 .comment       0x00000000       0x31 HAL/DC_MOTOR/DC_MOTOR.o
 .debug_frame   0x00000000       0x5c HAL/DC_MOTOR/DC_MOTOR.o
 .text          0x00000000        0x0 HAL/EEPROM/EEPROM.o
 .data          0x00000000        0x0 HAL/EEPROM/EEPROM.o
 .bss           0x00000000        0x0 HAL/EEPROM/EEPROM.o
 .text          0x00000000        0x0 HAL/KEY_PAD/KEY_PAD.o
 .data          0x00000000        0x0 HAL/KEY_PAD/KEY_PAD.o
 .bss           0x00000000        0x0 HAL/KEY_PAD/KEY_PAD.o
 .text.KEY_PAD_INIT
                0x00000000       0x82 HAL/KEY_PAD/KEY_PAD.o
 .text.KEY_PAD_READ
                0x00000000       0x34 HAL/KEY_PAD/KEY_PAD.o
 .debug_info    0x00000000      0x2cd HAL/KEY_PAD/KEY_PAD.o
 .debug_abbrev  0x00000000       0xb8 HAL/KEY_PAD/KEY_PAD.o
 .debug_loc     0x00000000       0x99 HAL/KEY_PAD/KEY_PAD.o
 .debug_aranges
                0x00000000       0x28 HAL/KEY_PAD/KEY_PAD.o
 .debug_ranges  0x00000000       0x18 HAL/KEY_PAD/KEY_PAD.o
 .debug_line    0x00000000      0x121 HAL/KEY_PAD/KEY_PAD.o
 .debug_str     0x00000000      0x192 HAL/KEY_PAD/KEY_PAD.o
 .comment       0x00000000       0x31 HAL/KEY_PAD/KEY_PAD.o
 .debug_frame   0x00000000       0x40 HAL/KEY_PAD/KEY_PAD.o
 .text          0x00000000        0x0 HAL/LCD/LCD.o
 .data          0x00000000        0x0 HAL/LCD/LCD.o
 .bss           0x00000000        0x0 HAL/LCD/LCD.o
 .text.LCD_SEND_CHR
                0x00000000       0x8e HAL/LCD/LCD.o
 .text.LCD_SEND_CMD
                0x00000000       0x8e HAL/LCD/LCD.o
 .text.LCD_INIT
                0x00000000       0x6c HAL/LCD/LCD.o
 .text.LCD_SEND_STR
                0x00000000       0x2c HAL/LCD/LCD.o
 .text.LCD_WRITE_INT
                0x00000000       0xb4 HAL/LCD/LCD.o
 .text.LCD_CLR  0x00000000        0x8 HAL/LCD/LCD.o
 .debug_info    0x00000000      0x704 HAL/LCD/LCD.o
 .debug_abbrev  0x00000000      0x17a HAL/LCD/LCD.o
 .debug_loc     0x00000000      0x4da HAL/LCD/LCD.o
 .debug_aranges
                0x00000000       0x48 HAL/LCD/LCD.o
 .debug_ranges  0x00000000       0x38 HAL/LCD/LCD.o
 .debug_line    0x00000000      0x2fc HAL/LCD/LCD.o
 .debug_str     0x00000000      0x23b HAL/LCD/LCD.o
 .comment       0x00000000       0x31 HAL/LCD/LCD.o
 .debug_frame   0x00000000       0xc8 HAL/LCD/LCD.o
 .text          0x00000000        0x0 HAL/LED/LED.o
 .data          0x00000000        0x0 HAL/LED/LED.o
 .bss           0x00000000        0x0 HAL/LED/LED.o
 .text.LED_ON   0x00000000        0xa HAL/LED/LED.o
 .text.LED_OFF  0x00000000        0xa HAL/LED/LED.o
 .text.LED_TOG  0x00000000        0x8 HAL/LED/LED.o
 .text          0x00000000        0x0 HAL/LM35/LM35.o
 .data          0x00000000        0x0 HAL/LM35/LM35.o
 .bss           0x00000000        0x0 HAL/LM35/LM35.o
 .text.LM35_INIT
                0x00000000        0x6 HAL/LM35/LM35.o
 .text.LM35_READ
                0x00000000       0x1e HAL/LM35/LM35.o
 .debug_info    0x00000000       0xfc HAL/LM35/LM35.o
 .debug_abbrev  0x00000000       0x90 HAL/LM35/LM35.o
 .debug_loc     0x00000000       0x40 HAL/LM35/LM35.o
 .debug_aranges
                0x00000000       0x28 HAL/LM35/LM35.o
 .debug_ranges  0x00000000       0x18 HAL/LM35/LM35.o
 .debug_line    0x00000000       0x91 HAL/LM35/LM35.o
 .debug_str     0x00000000      0x175 HAL/LM35/LM35.o
 .comment       0x00000000       0x31 HAL/LM35/LM35.o
 .debug_frame   0x00000000       0x34 HAL/LM35/LM35.o
 .text          0x00000000        0x0 HAL/P_B/P_B.o
 .data          0x00000000        0x0 HAL/P_B/P_B.o
 .bss           0x00000000        0x0 HAL/P_B/P_B.o
 .text.P_B_INIT
                0x00000000       0x2a HAL/P_B/P_B.o
 .text.P_B_READ
                0x00000000       0x28 HAL/P_B/P_B.o
 .debug_info    0x00000000      0x166 HAL/P_B/P_B.o
 .debug_abbrev  0x00000000       0xb8 HAL/P_B/P_B.o
 .debug_loc     0x00000000      0x123 HAL/P_B/P_B.o
 .debug_aranges
                0x00000000       0x28 HAL/P_B/P_B.o
 .debug_ranges  0x00000000       0x18 HAL/P_B/P_B.o
 .debug_line    0x00000000       0xd1 HAL/P_B/P_B.o
 .debug_str     0x00000000      0x168 HAL/P_B/P_B.o
 .comment       0x00000000       0x31 HAL/P_B/P_B.o
 .debug_frame   0x00000000       0x34 HAL/P_B/P_B.o
 .text          0x00000000        0x0 HAL/SSD/SSD.o
 .data          0x00000000        0x0 HAL/SSD/SSD.o
 .bss           0x00000000        0x0 HAL/SSD/SSD.o
 .text          0x00000000        0x0 HAL/STEPPER/STEPPER.o
 .data          0x00000000        0x0 HAL/STEPPER/STEPPER.o
 .bss           0x00000000        0x0 HAL/STEPPER/STEPPER.o
 .text.STEPPER_INIT
                0x00000000       0x22 HAL/STEPPER/STEPPER.o
 .text.STEPPER_ON
                0x00000000       0xca HAL/STEPPER/STEPPER.o
 .debug_info    0x00000000      0x3f2 HAL/STEPPER/STEPPER.o
 .debug_abbrev  0x00000000      0x136 HAL/STEPPER/STEPPER.o
 .debug_loc     0x00000000      0x19a HAL/STEPPER/STEPPER.o
 .debug_aranges
                0x00000000       0x28 HAL/STEPPER/STEPPER.o
 .debug_ranges  0x00000000       0x18 HAL/STEPPER/STEPPER.o
 .debug_line    0x00000000      0x255 HAL/STEPPER/STEPPER.o
 .debug_str     0x00000000      0x1e5 HAL/STEPPER/STEPPER.o
 .comment       0x00000000       0x31 HAL/STEPPER/STEPPER.o
 .debug_frame   0x00000000       0x40 HAL/STEPPER/STEPPER.o
 .text          0x00000000        0x0 MCAL/ADC/ADC.o
 .data          0x00000000        0x0 MCAL/ADC/ADC.o
 .bss           0x00000000        0x0 MCAL/ADC/ADC.o
 .text.ADC_INIT
                0x00000000       0x1c MCAL/ADC/ADC.o
 .text.ADC_READ
                0x00000000        0xc MCAL/ADC/ADC.o
 .debug_info    0x00000000       0xa7 MCAL/ADC/ADC.o
 .debug_abbrev  0x00000000       0x60 MCAL/ADC/ADC.o
 .debug_aranges
                0x00000000       0x28 MCAL/ADC/ADC.o
 .debug_ranges  0x00000000       0x18 MCAL/ADC/ADC.o
 .debug_line    0x00000000       0xcd MCAL/ADC/ADC.o
 .debug_str     0x00000000      0x14f MCAL/ADC/ADC.o
 .comment       0x00000000       0x31 MCAL/ADC/ADC.o
 .debug_frame   0x00000000       0x34 MCAL/ADC/ADC.o
 .text          0x00000000        0x0 MCAL/DIO/DIO.o
 .data          0x00000000        0x0 MCAL/DIO/DIO.o
 .bss           0x00000000        0x0 MCAL/DIO/DIO.o
 .text.PIN_READ
                0x00000000       0x82 MCAL/DIO/DIO.o
 .text.PIN_TOGGLE
                0x00000000       0x8e MCAL/DIO/DIO.o
 .text.PORT_MODE
                0x00000000       0x52 MCAL/DIO/DIO.o
 .text.PORT_WRITE
                0x00000000       0x20 MCAL/DIO/DIO.o
 .text.PORT_READ
                0x00000000       0x24 MCAL/DIO/DIO.o
 .text.PIN_PULL_UP_RES
                0x00000000      0x106 MCAL/DIO/DIO.o
 .text          0x00000000        0x0 MCAL/EXT_INT/EXT_INT.o
 .data          0x00000000        0x0 MCAL/EXT_INT/EXT_INT.o
 .bss           0x00000000        0x0 MCAL/EXT_INT/EXT_INT.o
 .text.EXT_INT_INIT
                0x00000000       0x1a MCAL/EXT_INT/EXT_INT.o
 .debug_info    0x00000000       0x82 MCAL/EXT_INT/EXT_INT.o
 .debug_abbrev  0x00000000       0x46 MCAL/EXT_INT/EXT_INT.o
 .debug_aranges
                0x00000000       0x20 MCAL/EXT_INT/EXT_INT.o
 .debug_ranges  0x00000000       0x10 MCAL/EXT_INT/EXT_INT.o
 .debug_line    0x00000000       0x73 MCAL/EXT_INT/EXT_INT.o
 .debug_str     0x00000000      0x152 MCAL/EXT_INT/EXT_INT.o
 .comment       0x00000000       0x31 MCAL/EXT_INT/EXT_INT.o
 .debug_frame   0x00000000       0x24 MCAL/EXT_INT/EXT_INT.o
 .text          0x00000000        0x0 MCAL/I2C/I2C.o
 .data          0x00000000        0x0 MCAL/I2C/I2C.o
 .bss           0x00000000        0x0 MCAL/I2C/I2C.o
 .text          0x00000000        0x0 MCAL/SPI/SPI.o
 .data          0x00000000        0x0 MCAL/SPI/SPI.o
 .bss           0x00000000        0x0 MCAL/SPI/SPI.o
 .text.SPI_INIT
                0x00000000       0x2c MCAL/SPI/SPI.o
 .text.SPI_TRANSIVE
                0x00000000        0xa MCAL/SPI/SPI.o
 .debug_info    0x00000000      0x11e MCAL/SPI/SPI.o
 .debug_abbrev  0x00000000       0xa9 MCAL/SPI/SPI.o
 .debug_loc     0x00000000       0x1f MCAL/SPI/SPI.o
 .debug_aranges
                0x00000000       0x28 MCAL/SPI/SPI.o
 .debug_ranges  0x00000000       0x18 MCAL/SPI/SPI.o
 .debug_line    0x00000000       0xca MCAL/SPI/SPI.o
 .debug_str     0x00000000      0x161 MCAL/SPI/SPI.o
 .comment       0x00000000       0x31 MCAL/SPI/SPI.o
 .debug_frame   0x00000000       0x34 MCAL/SPI/SPI.o
 .text          0x00000000        0x0 MCAL/TIMERS/TIMERS.o
 .data          0x00000000        0x0 MCAL/TIMERS/TIMERS.o
 .bss           0x00000000        0x0 MCAL/TIMERS/TIMERS.o
 .text.TIMER_0_INIT
                0x00000000       0x1a MCAL/TIMERS/TIMERS.o
 .text.TIMER_0_SET_TIME
                0x00000000       0xb2 MCAL/TIMERS/TIMERS.o
 .text.TIMER_0_START
                0x00000000       0x14 MCAL/TIMERS/TIMERS.o
 .text.TIMER_0_STOP
                0x00000000       0x14 MCAL/TIMERS/TIMERS.o
 .text.PWM_0_INIT
                0x00000000       0x1c MCAL/TIMERS/TIMERS.o
 .text.PWM_0_SET_DUTY_CYCLE
                0x00000000       0x12 MCAL/TIMERS/TIMERS.o
 .text.PWM_0_START
                0x00000000        0x6 MCAL/TIMERS/TIMERS.o
 .text.PWM_0_STOP
                0x00000000        0x6 MCAL/TIMERS/TIMERS.o
 .text.PWM_1_INIT
                0x00000000       0x30 MCAL/TIMERS/TIMERS.o
 .text.PWM_1_SET_DUTY_CYCLE
                0x00000000       0x22 MCAL/TIMERS/TIMERS.o
 .text.PWM_1_START
                0x00000000       0x14 MCAL/TIMERS/TIMERS.o
 .text.PWM_1_STOP
                0x00000000       0x14 MCAL/TIMERS/TIMERS.o
 .debug_info    0x00000000      0x240 MCAL/TIMERS/TIMERS.o
 .debug_abbrev  0x00000000       0xd2 MCAL/TIMERS/TIMERS.o
 .debug_loc     0x00000000      0x171 MCAL/TIMERS/TIMERS.o
 .debug_aranges
                0x00000000       0x78 MCAL/TIMERS/TIMERS.o
 .debug_ranges  0x00000000       0x68 MCAL/TIMERS/TIMERS.o
 .debug_line    0x00000000      0x208 MCAL/TIMERS/TIMERS.o
 .debug_str     0x00000000      0x233 MCAL/TIMERS/TIMERS.o
 .comment       0x00000000       0x31 MCAL/TIMERS/TIMERS.o
 .debug_frame   0x00000000       0xfc MCAL/TIMERS/TIMERS.o
 COMMON         0x00000000        0x9 MCAL/TIMERS/TIMERS.o
 .text          0x00000000        0x0 MCAL/UART/UART.o
 .data          0x00000000        0x0 MCAL/UART/UART.o
 .bss           0x00000000        0x0 MCAL/UART/UART.o
 .text.UART_INIT
                0x00000000       0x20 MCAL/UART/UART.o
 .text.UART_SEND
                0x00000000        0x8 MCAL/UART/UART.o
 .text.UART_REC
                0x00000000        0x8 MCAL/UART/UART.o
 .debug_info    0x00000000      0x102 MCAL/UART/UART.o
 .debug_abbrev  0x00000000       0xa7 MCAL/UART/UART.o
 .debug_aranges
                0x00000000       0x30 MCAL/UART/UART.o
 .debug_ranges  0x00000000       0x20 MCAL/UART/UART.o
 .debug_line    0x00000000       0xe0 MCAL/UART/UART.o
 .debug_str     0x00000000      0x16a MCAL/UART/UART.o
 .comment       0x00000000       0x31 MCAL/UART/UART.o
 .debug_frame   0x00000000       0x44 MCAL/UART/UART.o
 .text          0x00000000        0x0 MCAL/WDT/WDT.o
 .data          0x00000000        0x0 MCAL/WDT/WDT.o
 .bss           0x00000000        0x0 MCAL/WDT/WDT.o
 .text.WDT_INIT
                0x00000000       0x1a MCAL/WDT/WDT.o
 .text.WDT_REFRESH
                0x00000000        0x4 MCAL/WDT/WDT.o
 .debug_info    0x00000000       0x98 MCAL/WDT/WDT.o
 .debug_abbrev  0x00000000       0x46 MCAL/WDT/WDT.o
 .debug_aranges
                0x00000000       0x28 MCAL/WDT/WDT.o
 .debug_ranges  0x00000000       0x18 MCAL/WDT/WDT.o
 .debug_line    0x00000000       0x81 MCAL/WDT/WDT.o
 .debug_str     0x00000000      0x152 MCAL/WDT/WDT.o
 .comment       0x00000000       0x31 MCAL/WDT/WDT.o
 .debug_frame   0x00000000       0x34 MCAL/WDT/WDT.o
 .text          0x00000000        0x0 c:/program files (x86)/atmel/studio/7.0/toolchain/avr8/avr8-gnu-toolchain/bin/../lib/gcc/avr/5.4.0/avr5\libgcc.a(_divmodhi4.o)
 .data          0x00000000        0x0 c:/program files (x86)/atmel/studio/7.0/toolchain/avr8/avr8-gnu-toolchain/bin/../lib/gcc/avr/5.4.0/avr5\libgcc.a(_divmodhi4.o)
 .bss           0x00000000        0x0 c:/program files (x86)/atmel/studio/7.0/toolchain/avr8/avr8-gnu-toolchain/bin/../lib/gcc/avr/5.4.0/avr5\libgcc.a(_divmodhi4.o)
 .text.libgcc.mul
                0x00000000        0x0 c:/program files (x86)/atmel/studio/7.0/toolchain/avr8/avr8-gnu-toolchain/bin/../lib/gcc/avr/5.4.0/avr5\libgcc.a(_divmodhi4.o)
 .text.libgcc.div
                0x00000000       0x28 c:/program files (x86)/atmel/studio/7.0/toolchain/avr8/avr8-gnu-toolchain/bin/../lib/gcc/avr/5.4.0/avr5\libgcc.a(_divmodhi4.o)
 .text.libgcc   0x00000000        0x0 c:/program files (x86)/atmel/studio/7.0/toolchain/avr8/avr8-gnu-toolchain/bin/../lib/gcc/avr/5.4.0/avr5\libgcc.a(_divmodhi4.o)
 .text.libgcc.prologue
                0x00000000        0x0 c:/program files (x86)/atmel/studio/7.0/toolchain/avr8/avr8-gnu-toolchain/bin/../lib/gcc/avr/5.4.0/avr5\libgcc.a(_divmodhi4.o)
 .text.libgcc.builtins
                0x00000000        0x0 c:/program files (x86)/atmel/studio/7.0/toolchain/avr8/avr8-gnu-toolchain/bin/../lib/gcc/avr/5.4.0/avr5\libgcc.a(_divmodhi4.o)
 .text.libgcc.fmul
                0x00000000        0x0 c:/program files (x86)/atmel/studio/7.0/toolchain/avr8/avr8-gnu-toolchain/bin/../lib/gcc/avr/5.4.0/avr5\libgcc.a(_divmodhi4.o)
 .text.libgcc.fixed
                0x00000000        0x0 c:/program files (x86)/atmel/studio/7.0/toolchain/avr8/avr8-gnu-toolchain/bin/../lib/gcc/avr/5.4.0/avr5\libgcc.a(_divmodhi4.o)
 .text          0x00000000        0x0 c:/program files (x86)/atmel/studio/7.0/toolchain/avr8/avr8-gnu-toolchain/bin/../lib/gcc/avr/5.4.0/avr5\libgcc.a(_udivmodsi4.o)
 .data          0x00000000        0x0 c:/program files (x86)/atmel/studio/7.0/toolchain/avr8/avr8-gnu-toolchain/bin/../lib/gcc/avr/5.4.0/avr5\libgcc.a(_udivmodsi4.o)
 .bss           0x00000000        0x0 c:/program files (x86)/atmel/studio/7.0/toolchain/avr8/avr8-gnu-toolchain/bin/../lib/gcc/avr/5.4.0/avr5\libgcc.a(_udivmodsi4.o)
 .text.libgcc.mul
                0x00000000        0x0 c:/program files (x86)/atmel/studio/7.0/toolchain/avr8/avr8-gnu-toolchain/bin/../lib/gcc/avr/5.4.0/avr5\libgcc.a(_udivmodsi4.o)
 .text.libgcc.div
                0x00000000       0x44 c:/program files (x86)/atmel/studio/7.0/toolchain/avr8/avr8-gnu-toolchain/bin/../lib/gcc/avr/5.4.0/avr5\libgcc.a(_udivmodsi4.o)
 .text.libgcc   0x00000000        0x0 c:/program files (x86)/atmel/studio/7.0/toolchain/avr8/avr8-gnu-toolchain/bin/../lib/gcc/avr/5.4.0/avr5\libgcc.a(_udivmodsi4.o)
 .text.libgcc.prologue
                0x00000000        0x0 c:/program files (x86)/atmel/studio/7.0/toolchain/avr8/avr8-gnu-toolchain/bin/../lib/gcc/avr/5.4.0/avr5\libgcc.a(_udivmodsi4.o)
 .text.libgcc.builtins
                0x00000000        0x0 c:/program files (x86)/atmel/studio/7.0/toolchain/avr8/avr8-gnu-toolchain/bin/../lib/gcc/avr/5.4.0/avr5\libgcc.a(_udivmodsi4.o)
 .text.libgcc.fmul
                0x00000000        0x0 c:/program files (x86)/atmel/studio/7.0/toolchain/avr8/avr8-gnu-toolchain/bin/../lib/gcc/avr/5.4.0/avr5\libgcc.a(_udivmodsi4.o)
 .text.libgcc.fixed
                0x00000000        0x0 c:/program files (x86)/atmel/studio/7.0/toolchain/avr8/avr8-gnu-toolchain/bin/../lib/gcc/avr/5.4.0/avr5\libgcc.a(_udivmodsi4.o)
 .text          0x00000000        0x0 c:/program files (x86)/atmel/studio/7.0/toolchain/avr8/avr8-gnu-toolchain/bin/../lib/gcc/avr/5.4.0/avr5\libgcc.a(_exit.o)
 .data          0x00000000        0x0 c:/program files (x86)/atmel/studio/7.0/toolchain/avr8/avr8-gnu-toolchain/bin/../lib/gcc/avr/5.4.0/avr5\libgcc.a(_exit.o)
 .bss           0x00000000        0x0 c:/program files (x86)/atmel/studio/7.0/toolchain/avr8/avr8-gnu-toolchain/bin/../lib/gcc/avr/5.4.0/avr5\libgcc.a(_exit.o)
 .text.libgcc.mul
                0x00000000        0x0 c:/program files (x86)/atmel/studio/7.0/toolchain/avr8/avr8-gnu-toolchain/bin/../lib/gcc/avr/5.4.0/avr5\libgcc.a(_exit.o)
 .text.libgcc.div
                0x00000000        0x0 c:/program files (x86)/atmel/studio/7.0/toolchain/avr8/avr8-gnu-toolchain/bin/../lib/gcc/avr/5.4.0/avr5\libgcc.a(_exit.o)
 .text.libgcc   0x00000000        0x0 c:/program files (x86)/atmel/studio/7.0/toolchain/avr8/avr8-gnu-toolchain/bin/../lib/gcc/avr/5.4.0/avr5\libgcc.a(_exit.o)
 .text.libgcc.prologue
                0x00000000        0x0 c:/program files (x86)/atmel/studio/7.0/toolchain/avr8/avr8-gnu-toolchain/bin/../lib/gcc/avr/5.4.0/avr5\libgcc.a(_exit.o)
 .text.libgcc.builtins
                0x00000000        0x0 c:/program files (x86)/atmel/studio/7.0/toolchain/avr8/avr8-gnu-toolchain/bin/../lib/gcc/avr/5.4.0/avr5\libgcc.a(_exit.o)
 .text.libgcc.fmul
                0x00000000        0x0 c:/program files (x86)/atmel/studio/7.0/toolchain/avr8/avr8-gnu-toolchain/bin/../lib/gcc/avr/5.4.0/avr5\libgcc.a(_exit.o)
 .text.libgcc.fixed
                0x00000000        0x0 c:/program files (x86)/atmel/studio/7.0/toolchain/avr8/avr8-gnu-toolchain/bin/../lib/gcc/avr/5.4.0/avr5\libgcc.a(_exit.o)
 .text          0x00000000        0x0 c:/program files (x86)/atmel/studio/7.0/toolchain/avr8/avr8-gnu-toolchain/bin/../lib/gcc/avr/5.4.0/avr5\libgcc.a(_tablejump2.o)
 .data          0x00000000        0x0 c:/program files (x86)/atmel/studio/7.0/toolchain/avr8/avr8-gnu-toolchain/bin/../lib/gcc/avr/5.4.0/avr5\libgcc.a(_tablejump2.o)
 .bss           0x00000000        0x0 c:/program files (x86)/atmel/studio/7.0/toolchain/avr8/avr8-gnu-toolchain/bin/../lib/gcc/avr/5.4.0/avr5\libgcc.a(_tablejump2.o)
 .text.libgcc.mul
                0x00000000        0x0 c:/program files (x86)/atmel/studio/7.0/toolchain/avr8/avr8-gnu-toolchain/bin/../lib/gcc/avr/5.4.0/avr5\libgcc.a(_tablejump2.o)
 .text.libgcc.div
                0x00000000        0x0 c:/program files (x86)/atmel/studio/7.0/toolchain/avr8/avr8-gnu-toolchain/bin/../lib/gcc/avr/5.4.0/avr5\libgcc.a(_tablejump2.o)
 .text.libgcc.prologue
                0x00000000        0x0 c:/program files (x86)/atmel/studio/7.0/toolchain/avr8/avr8-gnu-toolchain/bin/../lib/gcc/avr/5.4.0/avr5\libgcc.a(_tablejump2.o)
 .text.libgcc.builtins
                0x00000000        0x0 c:/program files (x86)/atmel/studio/7.0/toolchain/avr8/avr8-gnu-toolchain/bin/../lib/gcc/avr/5.4.0/avr5\libgcc.a(_tablejump2.o)
 .text.libgcc.fmul
                0x00000000        0x0 c:/program files (x86)/atmel/studio/7.0/toolchain/avr8/avr8-gnu-toolchain/bin/../lib/gcc/avr/5.4.0/avr5\libgcc.a(_tablejump2.o)
 .text.libgcc.fixed
                0x00000000        0x0 c:/program files (x86)/atmel/studio/7.0/toolchain/avr8/avr8-gnu-toolchain/bin/../lib/gcc/avr/5.4.0/avr5\libgcc.a(_tablejump2.o)
 .text          0x00000000        0x0 c:/program files (x86)/atmel/studio/7.0/toolchain/avr8/avr8-gnu-toolchain/bin/../lib/gcc/avr/5.4.0/avr5\libgcc.a(_clear_bss.o)
 .data          0x00000000        0x0 c:/program files (x86)/atmel/studio/7.0/toolchain/avr8/avr8-gnu-toolchain/bin/../lib/gcc/avr/5.4.0/avr5\libgcc.a(_clear_bss.o)
 .bss           0x00000000        0x0 c:/program files (x86)/atmel/studio/7.0/toolchain/avr8/avr8-gnu-toolchain/bin/../lib/gcc/avr/5.4.0/avr5\libgcc.a(_clear_bss.o)
 .text.libgcc.mul
                0x00000000        0x0 c:/program files (x86)/atmel/studio/7.0/toolchain/avr8/avr8-gnu-toolchain/bin/../lib/gcc/avr/5.4.0/avr5\libgcc.a(_clear_bss.o)
 .text.libgcc.div
                0x00000000        0x0 c:/program files (x86)/atmel/studio/7.0/toolchain/avr8/avr8-gnu-toolchain/bin/../lib/gcc/avr/5.4.0/avr5\libgcc.a(_clear_bss.o)
 .text.libgcc   0x00000000        0x0 c:/program files (x86)/atmel/studio/7.0/toolchain/avr8/avr8-gnu-toolchain/bin/../lib/gcc/avr/5.4.0/avr5\libgcc.a(_clear_bss.o)
 .text.libgcc.prologue
                0x00000000        0x0 c:/program files (x86)/atmel/studio/7.0/toolchain/avr8/avr8-gnu-toolchain/bin/../lib/gcc/avr/5.4.0/avr5\libgcc.a(_clear_bss.o)
 .text.libgcc.builtins
                0x00000000        0x0 c:/program files (x86)/atmel/studio/7.0/toolchain/avr8/avr8-gnu-toolchain/bin/../lib/gcc/avr/5.4.0/avr5\libgcc.a(_clear_bss.o)
 .text.libgcc.fmul
                0x00000000        0x0 c:/program files (x86)/atmel/studio/7.0/toolchain/avr8/avr8-gnu-toolchain/bin/../lib/gcc/avr/5.4.0/avr5\libgcc.a(_clear_bss.o)
 .text.libgcc.fixed
                0x00000000        0x0 c:/program files (x86)/atmel/studio/7.0/toolchain/avr8/avr8-gnu-toolchain/bin/../lib/gcc/avr/5.4.0/avr5\libgcc.a(_clear_bss.o)
 .text          0x00000000        0x0 c:/program files (x86)/atmel/studio/7.0/toolchain/avr8/avr8-gnu-toolchain/bin/../lib/gcc/avr/5.4.0/avr5\libgcc.a(_umulhisi3.o)
 .data          0x00000000        0x0 c:/program files (x86)/atmel/studio/7.0/toolchain/avr8/avr8-gnu-toolchain/bin/../lib/gcc/avr/5.4.0/avr5\libgcc.a(_umulhisi3.o)
 .bss           0x00000000        0x0 c:/program files (x86)/atmel/studio/7.0/toolchain/avr8/avr8-gnu-toolchain/bin/../lib/gcc/avr/5.4.0/avr5\libgcc.a(_umulhisi3.o)
 .text.libgcc.mul
                0x00000000       0x1e c:/program files (x86)/atmel/studio/7.0/toolchain/avr8/avr8-gnu-toolchain/bin/../lib/gcc/avr/5.4.0/avr5\libgcc.a(_umulhisi3.o)
 .text.libgcc.div
                0x00000000        0x0 c:/program files (x86)/atmel/studio/7.0/toolchain/avr8/avr8-gnu-toolchain/bin/../lib/gcc/avr/5.4.0/avr5\libgcc.a(_umulhisi3.o)
 .text.libgcc   0x00000000        0x0 c:/program files (x86)/atmel/studio/7.0/toolchain/avr8/avr8-gnu-toolchain/bin/../lib/gcc/avr/5.4.0/avr5\libgcc.a(_umulhisi3.o)
 .text.libgcc.prologue
                0x00000000        0x0 c:/program files (x86)/atmel/studio/7.0/toolchain/avr8/avr8-gnu-toolchain/bin/../lib/gcc/avr/5.4.0/avr5\libgcc.a(_umulhisi3.o)
 .text.libgcc.builtins
                0x00000000        0x0 c:/program files (x86)/atmel/studio/7.0/toolchain/avr8/avr8-gnu-toolchain/bin/../lib/gcc/avr/5.4.0/avr5\libgcc.a(_umulhisi3.o)
 .text.libgcc.fmul
                0x00000000        0x0 c:/program files (x86)/atmel/studio/7.0/toolchain/avr8/avr8-gnu-toolchain/bin/../lib/gcc/avr/5.4.0/avr5\libgcc.a(_umulhisi3.o)
 .text.libgcc.fixed
                0x00000000        0x0 c:/program files (x86)/atmel/studio/7.0/toolchain/avr8/avr8-gnu-toolchain/bin/../lib/gcc/avr/5.4.0/avr5\libgcc.a(_umulhisi3.o)
 .text          0x00000000        0x0 c:/program files (x86)/atmel/studio/7.0/toolchain/avr8/avr8-gnu-toolchain/bin/../lib/gcc/avr/5.4.0/avr5\libgcc.a(_muluhisi3.o)
 .data          0x00000000        0x0 c:/program files (x86)/atmel/studio/7.0/toolchain/avr8/avr8-gnu-toolchain/bin/../lib/gcc/avr/5.4.0/avr5\libgcc.a(_muluhisi3.o)
 .bss           0x00000000        0x0 c:/program files (x86)/atmel/studio/7.0/toolchain/avr8/avr8-gnu-toolchain/bin/../lib/gcc/avr/5.4.0/avr5\libgcc.a(_muluhisi3.o)
 .text.libgcc.mul
                0x00000000       0x16 c:/program files (x86)/atmel/studio/7.0/toolchain/avr8/avr8-gnu-toolchain/bin/../lib/gcc/avr/5.4.0/avr5\libgcc.a(_muluhisi3.o)
 .text.libgcc.div
                0x00000000        0x0 c:/program files (x86)/atmel/studio/7.0/toolchain/avr8/avr8-gnu-toolchain/bin/../lib/gcc/avr/5.4.0/avr5\libgcc.a(_muluhisi3.o)
 .text.libgcc   0x00000000        0x0 c:/program files (x86)/atmel/studio/7.0/toolchain/avr8/avr8-gnu-toolchain/bin/../lib/gcc/avr/5.4.0/avr5\libgcc.a(_muluhisi3.o)
 .text.libgcc.prologue
                0x00000000        0x0 c:/program files (x86)/atmel/studio/7.0/toolchain/avr8/avr8-gnu-toolchain/bin/../lib/gcc/avr/5.4.0/avr5\libgcc.a(_muluhisi3.o)
 .text.libgcc.builtins
                0x00000000        0x0 c:/program files (x86)/atmel/studio/7.0/toolchain/avr8/avr8-gnu-toolchain/bin/../lib/gcc/avr/5.4.0/avr5\libgcc.a(_muluhisi3.o)
 .text.libgcc.fmul
                0x00000000        0x0 c:/program files (x86)/atmel/studio/7.0/toolchain/avr8/avr8-gnu-toolchain/bin/../lib/gcc/avr/5.4.0/avr5\libgcc.a(_muluhisi3.o)
 .text.libgcc.fixed
                0x00000000        0x0 c:/program files (x86)/atmel/studio/7.0/toolchain/avr8/avr8-gnu-toolchain/bin/../lib/gcc/avr/5.4.0/avr5\libgcc.a(_muluhisi3.o)
 .text          0x00000000        0x0 c:/program files (x86)/atmel/studio/7.0/toolchain/avr8/avr8-gnu-toolchain/bin/../lib/gcc/avr/5.4.0/avr5\libgcc.a(_udivmodhi4.o)
 .data          0x00000000        0x0 c:/program files (x86)/atmel/studio/7.0/toolchain/avr8/avr8-gnu-toolchain/bin/../lib/gcc/avr/5.4.0/avr5\libgcc.a(_udivmodhi4.o)
 .bss           0x00000000        0x0 c:/program files (x86)/atmel/studio/7.0/toolchain/avr8/avr8-gnu-toolchain/bin/../lib/gcc/avr/5.4.0/avr5\libgcc.a(_udivmodhi4.o)
 .text.libgcc.mul
                0x00000000        0x0 c:/program files (x86)/atmel/studio/7.0/toolchain/avr8/avr8-gnu-toolchain/bin/../lib/gcc/avr/5.4.0/avr5\libgcc.a(_udivmodhi4.o)
 .text.libgcc.div
                0x00000000       0x28 c:/program files (x86)/atmel/studio/7.0/toolchain/avr8/avr8-gnu-toolchain/bin/../lib/gcc/avr/5.4.0/avr5\libgcc.a(_udivmodhi4.o)
 .text.libgcc   0x00000000        0x0 c:/program files (x86)/atmel/studio/7.0/toolchain/avr8/avr8-gnu-toolchain/bin/../lib/gcc/avr/5.4.0/avr5\libgcc.a(_udivmodhi4.o)
 .text.libgcc.prologue
                0x00000000        0x0 c:/program files (x86)/atmel/studio/7.0/toolchain/avr8/avr8-gnu-toolchain/bin/../lib/gcc/avr/5.4.0/avr5\libgcc.a(_udivmodhi4.o)
 .text.libgcc.builtins
                0x00000000        0x0 c:/program files (x86)/atmel/studio/7.0/toolchain/avr8/avr8-gnu-toolchain/bin/../lib/gcc/avr/5.4.0/avr5\libgcc.a(_udivmodhi4.o)
 .text.libgcc.fmul
                0x00000000        0x0 c:/program files (x86)/atmel/studio/7.0/toolchain/avr8/avr8-gnu-toolchain/bin/../lib/gcc/avr/5.4.0/avr5\libgcc.a(_udivmodhi4.o)
 .text.libgcc.fixed
                0x00000000        0x0 c:/program files (x86)/atmel/studio/7.0/toolchain/avr8/avr8-gnu-toolchain/bin/../lib/gcc/avr/5.4.0/avr5\libgcc.a(_udivmodhi4.o)

Memory Configuration

Name             Origin             Length             Attributes
text             0x00000000         0x00020000         xr
data             0x00800060         0x0000ffa0         rw !x
eeprom           0x00810000         0x00010000         rw !x
fuse             0x00820000         0x00000002         rw !x
lock             0x00830000         0x00000400         rw !x
signature        0x00840000         0x00000400         rw !x
user_signatures  0x00850000         0x00000400         rw !x
*default*        0x00000000         0xffffffff

Linker script and memory map

LOAD C:/Program Files (x86)/Atmel/Studio/7.0/Packs/atmel/ATmega_DFP/1.2.209/gcc/dev/atmega32/avr5/crtatmega32.o
LOAD APP/main.o
LOAD HAL/DC_MOTOR/DC_MOTOR.o
LOAD HAL/EEPROM/EEPROM.o
LOAD HAL/KEY_PAD/KEY_PAD.o
LOAD HAL/LCD/LCD.o
LOAD HAL/LED/LED.o
LOAD HAL/LM35/LM35.o
LOAD HAL/P_B/P_B.o
LOAD HAL/SSD/SSD.o
LOAD HAL/STEPPER/STEPPER.o
LOAD MCAL/ADC/ADC.o
LOAD MCAL/DIO/DIO.o
LOAD MCAL/EXT_INT/EXT_INT.o
LOAD MCAL/I2C/I2C.o
LOAD MCAL/SPI/SPI.o
LOAD MCAL/TIMERS/TIMERS.o
LOAD MCAL/UART/UART.o
LOAD MCAL/WDT/WDT.o
START GROUP
LOAD c:/program files (x86)/atmel/studio/7.0/toolchain/avr8/avr8-gnu-toolchain/bin/../lib/gcc/avr/5.4.0/../../../../avr/lib/avr5\libm.a
END GROUP
START GROUP
LOAD c:/program files (x86)/atmel/studio/7.0/toolchain/avr8/avr8-gnu-toolchain/bin/../lib/gcc/avr/5.4.0/avr5\libgcc.a
LOAD c:/program files (x86)/atmel/studio/7.0/toolchain/avr8/avr8-gnu-toolchain/bin/../lib/gcc/avr/5.4.0/../../../../avr/lib/avr5\libm.a
LOAD c:/program files (x86)/atmel/studio/7.0/toolchain/avr8/avr8-gnu-toolchain/bin/../lib/gcc/avr/5.4.0/../../../../avr/lib/avr5\libc.a
LOAD C:/Program Files (x86)/Atmel/Studio/7.0/Packs/atmel/ATmega_DFP/1.2.209/gcc/dev/atmega32/avr5\libatmega32.a
END GROUP
                0x00020000                __TEXT_REGION_LENGTH__ = DEFINED (__TEXT_REGION_LENGTH__)?__TEXT_REGION_LENGTH__:0x20000
                0x0000ffa0                __DATA_REGION_LENGTH__ = DEFINED (__DATA_REGION_LENGTH__)?__DATA_REGION_LENGTH__:0xffa0
                0x00010000                __EEPROM_REGION_LENGTH__ = DEFINED (__EEPROM_REGION_LENGTH__)?__EEPROM_REGION_LENGTH__:0x10000
                [0x00000002]                __FUSE_REGION_LENGTH__ = DEFINED (__FUSE_REGION_LENGTH__)?__FUSE_REGION_LENGTH__:0x400
                0x00000400                __LOCK_REGION_LENGTH__ = DEFINED (__LOCK_REGION_LENGTH__)?__LOCK_REGION_LENGTH__:0x400
                0x00000400                __SIGNATURE_REGION_LENGTH__ = DEFINED (__SIGNATURE_REGION_LENGTH__)?__SIGNATURE_REGION_LENGTH__:0x400
                0x00000400                __USER_SIGNATURE_REGION_LENGTH__ = DEFINED (__USER_SIGNATURE_REGION_LENGTH__)?__USER_SIGNATURE_REGION_LENGTH__:0x400

.hash
 *(.hash)

.dynsym
 *(.dynsym)

.dynstr
 *(.dynstr)

.gnu.version
 *(.gnu.version)

.gnu.version_d
 *(.gnu.version_d)

.gnu.version_r
 *(.gnu.version_r)

.rel.init
 *(.rel.init)

.rela.init
 *(.rela.init)

.rel.text
 *(.rel.text)
 *(.rel.text.*)
 *(.rel.gnu.linkonce.t*)

.rela.text
 *(.rela.text)
 *(.rela.text.*)
 *(.rela.gnu.linkonce.t*)

.rel.fini
 *(.rel.fini)

.rela.fini
 *(.rela.fini)

.rel.rodata
 *(.rel.rodata)
 *(.rel.rodata.*)
 *(.rel.gnu.linkonce.r*)

.rela.rodata
 *(.rela.rodata)
 *(.rela.rodata.*)
 *(.rela.gnu.linkonce.r*)

.rel.data
 *(.rel.data)
 *(.rel.data.*)
 *(.rel.gnu.linkonce.d*)

.rela.data
 *(.rela.data)
 *(.rela.data.*)
 *(.rela.gnu.linkonce.d*)

.rel.ctors
 *(.rel.ctors)

.rela.ctors
 *(.rela.ctors)

.rel.dtors
 *(.rel.dtors)

.rela.dtors
 *(.rela.dtors)

.rel.got
 *(.rel.got)

.rela.got
 *(.rela.got)

.rel.bss
 *(.rel.bss)

.rela.bss
 *(.rela.bss)

.rel.plt
 *(.rel.plt)

.rela.plt
 *(.rela.plt)

.text           0x00000000      0x80c
 *(.vectors)
 .vectors       0x00000000       0x54 C:/Program Files (x86)/Atmel/Studio/7.0/Packs/atmel/ATmega_DFP/1.2.209/gcc/dev/atmega32/avr5/crtatmega32.o
                0x00000000                __vector_default
                0x00000000                __vectors
 *(.vectors)
 *(.progmem.gcc*)
 .progmem.gcc_sw_table.SSD_DISPLAY
                0x00000054       0x28 HAL/SSD/SSD.o
                0x0000007c                . = ALIGN (0x2)
                0x0000007c                __trampolines_start = .
 *(.trampolines)
 .trampolines   0x0000007c        0x0 linker stubs
 *(.trampolines*)
                0x0000007c                __trampolines_end = .
 *libprintf_flt.a:*(.progmem.data)
 *libc.a:*(.progmem.data)
 *(.progmem*)
                0x0000007c                . = ALIGN (0x2)
 *(.jumptables)
 *(.jumptables*)
 *(.lowtext)
 *(.lowtext*)
                0x0000007c                __ctors_start = .
 *(.ctors)
                0x0000007c                __ctors_end = .
                0x0000007c                __dtors_start = .
 *(.dtors)
                0x0000007c                __dtors_end = .
 SORT(*)(.ctors)
 SORT(*)(.dtors)
 *(.init0)
 .init0         0x0000007c        0x0 C:/Program Files (x86)/Atmel/Studio/7.0/Packs/atmel/ATmega_DFP/1.2.209/gcc/dev/atmega32/avr5/crtatmega32.o
                0x0000007c                __init
 *(.init0)
 *(.init1)
 *(.init1)
 *(.init2)
 .init2         0x0000007c        0xc C:/Program Files (x86)/Atmel/Studio/7.0/Packs/atmel/ATmega_DFP/1.2.209/gcc/dev/atmega32/avr5/crtatmega32.o
 *(.init2)
 *(.init3)
 *(.init3)
 *(.init4)
 .init4         0x00000088       0x10 c:/program files (x86)/atmel/studio/7.0/toolchain/avr8/avr8-gnu-toolchain/bin/../lib/gcc/avr/5.4.0/avr5\libgcc.a(_clear_bss.o)
                0x00000088                __do_clear_bss
 *(.init4)
 *(.init5)
 *(.init5)
 *(.init6)
 *(.init6)
 *(.init7)
 *(.init7)
 *(.init8)
 *(.init8)
 *(.init9)
 .init9         0x00000098        0x8 C:/Program Files (x86)/Atmel/Studio/7.0/Packs/atmel/ATmega_DFP/1.2.209/gcc/dev/atmega32/avr5/crtatmega32.o
 *(.init9)
 *(.text)
 .text          0x000000a0        0x4 C:/Program Files (x86)/Atmel/Studio/7.0/Packs/atmel/ATmega_DFP/1.2.209/gcc/dev/atmega32/avr5/crtatmega32.o
                0x000000a0                __vector_1
                0x000000a0                __vector_12
                0x000000a0                __bad_interrupt
                0x000000a0                __vector_6
                0x000000a0                __vector_3
                0x000000a0                __vector_11
                0x000000a0                __vector_13
                0x000000a0                __vector_17
                0x000000a0                __vector_19
                0x000000a0                __vector_7
                0x000000a0                __vector_5
                0x000000a0                __vector_4
                0x000000a0                __vector_9
                0x000000a0                __vector_2
                0x000000a0                __vector_15
                0x000000a0                __vector_8
                0x000000a0                __vector_14
                0x000000a0                __vector_10
                0x000000a0                __vector_16
                0x000000a0                __vector_18
                0x000000a0                __vector_20
                0x000000a4                . = ALIGN (0x2)
 *(.text.*)
 .text.main     0x000000a4       0x3e APP/main.o
                0x000000a4                main
 .text.EEPROM_INIT
                0x000000e2        0x6 HAL/EEPROM/EEPROM.o
                0x000000e2                EEPROM_INIT
 .text.EEPROM_WRITE
                0x000000e8       0x34 HAL/EEPROM/EEPROM.o
                0x000000e8                EEPROM_WRITE
 .text.EEPROM_READ
                0x0000011c       0x3e HAL/EEPROM/EEPROM.o
                0x0000011c                EEPROM_READ
 .text.LED_INIT
                0x0000015a       0x2a HAL/LED/LED.o
                0x0000015a                LED_INIT
 .text.SSD_INIT
                0x00000184       0x32 HAL/SSD/SSD.o
                0x00000184                SSD_INIT
 .text.SSD_DISPLAY
                0x000001b6      0x36a HAL/SSD/SSD.o
                0x000001b6                SSD_DISPLAY
 .text.PIN_MODE
                0x00000520      0x106 MCAL/DIO/DIO.o
                0x00000520                PIN_MODE
 .text.PIN_WRITE
                0x00000626      0x106 MCAL/DIO/DIO.o
                0x00000626                PIN_WRITE
 .text.I2C_INIT
                0x0000072c        0xc MCAL/I2C/I2C.o
                0x0000072c                I2C_INIT
 .text.I2C_START_CONDITION
                0x00000738       0x1c MCAL/I2C/I2C.o
                0x00000738                I2C_START_CONDITION
 .text.I2C_SEND_SLAVE_ADDRESS_WRITE
                0x00000754       0x1a MCAL/I2C/I2C.o
                0x00000754                I2C_SEND_SLAVE_ADDRESS_WRITE
 .text.I2C_SEND_SLAVE_ADDRESS_READ
                0x0000076e       0x1c MCAL/I2C/I2C.o
                0x0000076e                I2C_SEND_SLAVE_ADDRESS_READ
 .text.I2C_SEND_BYTE
                0x0000078a       0x1e MCAL/I2C/I2C.o
                0x0000078a                I2C_SEND_BYTE
 .text.I2C_REC_BYTE
                0x000007a8       0x2a MCAL/I2C/I2C.o
                0x000007a8                I2C_REC_BYTE
 .text.I2C_REPEATED_START
                0x000007d2       0x1c MCAL/I2C/I2C.o
                0x000007d2                I2C_REPEATED_START
 .text.I2C_STOP_CONDITION
                0x000007ee        0xe MCAL/I2C/I2C.o
                0x000007ee                I2C_STOP_CONDITION
 .text.libgcc   0x000007fc        0xc c:/program files (x86)/atmel/studio/7.0/toolchain/avr8/avr8-gnu-toolchain/bin/../lib/gcc/avr/5.4.0/avr5\libgcc.a(_tablejump2.o)
                0x000007fc                __tablejump2__
                0x00000808                . = ALIGN (0x2)
 *(.fini9)
 .fini9         0x00000808        0x0 c:/program files (x86)/atmel/studio/7.0/toolchain/avr8/avr8-gnu-toolchain/bin/../lib/gcc/avr/5.4.0/avr5\libgcc.a(_exit.o)
                0x00000808                _exit
                0x00000808                exit
 *(.fini9)
 *(.fini8)
 *(.fini8)
 *(.fini7)
 *(.fini7)
 *(.fini6)
 *(.fini6)
 *(.fini5)
 *(.fini5)
 *(.fini4)
 *(.fini4)
 *(.fini3)
 *(.fini3)
 *(.fini2)
 *(.fini2)
 *(.fini1)
 *(.fini1)
 *(.fini0)
 .fini0         0x00000808        0x4 c:/program files (x86)/atmel/studio/7.0/toolchain/avr8/avr8-gnu-toolchain/bin/../lib/gcc/avr/5.4.0/avr5\libgcc.a(_exit.o)
 *(.fini0)
                0x0000080c                _etext = .

.data           0x00800060        0x0 load address 0x0000080c
                [!provide]                PROVIDE (__data_start, .)
 *(.data)
 *(.data*)
 *(.gnu.linkonce.d*)
 *(.rodata)
 *(.rodata*)
 *(.gnu.linkonce.r*)
                0x00800060                . = ALIGN (0x2)
                0x00800060                _edata = .
                [!provide]                PROVIDE (__data_end, .)

.bss            0x00800060        0x0
                0x00800060                PROVIDE (__bss_start, .)
 *(.bss)
 *(.bss*)
 *(COMMON)
                0x00800060                PROVIDE (__bss_end, .)
                0x0000080c                __data_load_start = LOADADDR (.data)
                0x0000080c                __data_load_end = (__data_load_start + SIZEOF (.data))

.noinit         0x00800060        0x0
                [!provide]                PROVIDE (__noinit_start, .)
 *(.noinit*)
                [!provide]                PROVIDE (__noinit_end, .)
                0x00800060                _end = .
                [!provide]                PROVIDE (__heap_start, .)

.eeprom         0x00810000        0x0
 *(.eeprom*)
                0x00810000                __eeprom_end = .

.fuse
 *(.fuse)
 *(.lfuse)
 *(.hfuse)
 *(.efuse)

.lock
 *(.lock*)

.signature
 *(.signature*)

.user_signatures
 *(.user_signatures*)

.stab
 *(.stab)

.stabstr
 *(.stabstr)

.stab.excl
 *(.stab.excl)

.stab.exclstr
 *(.stab.exclstr)

.stab.index
 *(.stab.index)

.stab.indexstr
 *(.stab.indexstr)

.comment        0x00000000       0x30
 *(.comment)
 .comment       0x00000000       0x30 APP/main.o
                                 0x31 (size before relaxing)
 .comment       0x00000030       0x31 HAL/EEPROM/EEPROM.o
 .comment       0x00000030       0x31 HAL/LED/LED.o
 .comment       0x00000030       0x31 HAL/SSD/SSD.o
 .comment       0x00000030       0x31 MCAL/DIO/DIO.o
 .comment       0x00000030       0x31 MCAL/I2C/I2C.o

.note.gnu.avr.deviceinfo
                0x00000000       0x3c
 .note.gnu.avr.deviceinfo
                0x00000000       0x3c C:/Program Files (x86)/Atmel/Studio/7.0/Packs/atmel/ATmega_DFP/1.2.209/gcc/dev/atmega32/avr5/crtatmega32.o

.note.gnu.build-id
 *(.note.gnu.build-id)

.debug
 *(.debug)

.line
 *(.line)

.debug_srcinfo
 *(.debug_srcinfo)

.debug_sfnames
 *(.debug_sfnames)

.debug_aranges  0x00000000      0x160
 *(.debug_aranges)
 .debug_aranges
                0x00000000       0x20 APP/main.o
 .debug_aranges
                0x00000020       0x30 HAL/EEPROM/EEPROM.o
 .debug_aranges
                0x00000050       0x38 HAL/LED/LED.o
 .debug_aranges
                0x00000088       0x28 HAL/SSD/SSD.o
 .debug_aranges
                0x000000b0       0x58 MCAL/DIO/DIO.o
 .debug_aranges
                0x00000108       0x58 MCAL/I2C/I2C.o

.debug_pubnames
 *(.debug_pubnames)

.debug_info     0x00000000     0x1961
 *(.debug_info .gnu.linkonce.wi.*)
 .debug_info    0x00000000      0x4e6 C:/Program Files (x86)/Atmel/Studio/7.0/Packs/atmel/ATmega_DFP/1.2.209/gcc/dev/atmega32/avr5/crtatmega32.o
 .debug_info    0x000004e6      0x1eb APP/main.o
 .debug_info    0x000006d1      0x23d HAL/EEPROM/EEPROM.o
 .debug_info    0x0000090e      0x1a2 HAL/LED/LED.o
 .debug_info    0x00000ab0      0xa96 HAL/SSD/SSD.o
 .debug_info    0x00001546      0x2ab MCAL/DIO/DIO.o
 .debug_info    0x000017f1      0x170 MCAL/I2C/I2C.o

.debug_abbrev   0x00000000      0x9dd
 *(.debug_abbrev)
 .debug_abbrev  0x00000000      0x4a3 C:/Program Files (x86)/Atmel/Studio/7.0/Packs/atmel/ATmega_DFP/1.2.209/gcc/dev/atmega32/avr5/crtatmega32.o
 .debug_abbrev  0x000004a3      0x126 APP/main.o
 .debug_abbrev  0x000005c9       0xd2 HAL/EEPROM/EEPROM.o
 .debug_abbrev  0x0000069b       0x8d HAL/LED/LED.o
 .debug_abbrev  0x00000728      0x145 HAL/SSD/SSD.o
 .debug_abbrev  0x0000086d       0xd6 MCAL/DIO/DIO.o
 .debug_abbrev  0x00000943       0x9a MCAL/I2C/I2C.o

.debug_line     0x00000000      0xe0a
 *(.debug_line .debug_line.* .debug_line_end)
 .debug_line    0x00000000      0x115 C:/Program Files (x86)/Atmel/Studio/7.0/Packs/atmel/ATmega_DFP/1.2.209/gcc/dev/atmega32/avr5/crtatmega32.o
 .debug_line    0x00000115      0x19c APP/main.o
 .debug_line    0x000002b1       0xf9 HAL/EEPROM/EEPROM.o
 .debug_line    0x000003aa       0xcd HAL/LED/LED.o
 .debug_line    0x00000477      0x42d HAL/SSD/SSD.o
 .debug_line    0x000008a4      0x38d MCAL/DIO/DIO.o
 .debug_line    0x00000c31      0x1d9 MCAL/I2C/I2C.o

.debug_frame    0x00000000      0x264
 *(.debug_frame)
 .debug_frame   0x00000000       0x24 APP/main.o
 .debug_frame   0x00000024       0x60 HAL/EEPROM/EEPROM.o
 .debug_frame   0x00000084       0x54 HAL/LED/LED.o
 .debug_frame   0x000000d8       0x64 HAL/SSD/SSD.o
 .debug_frame   0x0000013c       0x94 MCAL/DIO/DIO.o
 .debug_frame   0x000001d0       0x94 MCAL/I2C/I2C.o

.debug_str      0x00000000      0x4f6
 *(.debug_str)
 .debug_str     0x00000000      0x196 C:/Program Files (x86)/Atmel/Studio/7.0/Packs/atmel/ATmega_DFP/1.2.209/gcc/dev/atmega32/avr5/crtatmega32.o
 .debug_str     0x00000196      0x1c3 APP/main.o
                                0x1f7 (size before relaxing)
 .debug_str     0x00000359       0xbd HAL/EEPROM/EEPROM.o
                                0x20d (size before relaxing)
 .debug_str     0x00000416       0x46 HAL/LED/LED.o
                                0x17a (size before relaxing)
 .debug_str     0x0000045c       0x1d HAL/SSD/SSD.o
                                0x1e6 (size before relaxing)
 .debug_str     0x00000479       0x63 MCAL/DIO/DIO.o
                                0x1ac (size before relaxing)
 .debug_str     0x000004dc       0x1a MCAL/I2C/I2C.o
                                0x1e6 (size before relaxing)

.debug_loc      0x00000000      0x778
 *(.debug_loc)
 .debug_loc     0x00000000      0x1b7 HAL/EEPROM/EEPROM.o
 .debug_loc     0x000001b7       0x95 HAL/LED/LED.o
 .debug_loc     0x0000024c      0x212 HAL/SSD/SSD.o
 .debug_loc     0x0000045e      0x28c MCAL/DIO/DIO.o
 .debug_loc     0x000006ea       0x8e MCAL/I2C/I2C.o

.debug_macinfo
 *(.debug_macinfo)

.debug_weaknames
 *(.debug_weaknames)

.debug_funcnames
 *(.debug_funcnames)

.debug_typenames
 *(.debug_typenames)

.debug_varnames
 *(.debug_varnames)

.debug_pubtypes
 *(.debug_pubtypes)

.debug_ranges   0x00000000      0x100
 *(.debug_ranges)
 .debug_ranges  0x00000000       0x10 APP/main.o
 .debug_ranges  0x00000010       0x20 HAL/EEPROM/EEPROM.o
 .debug_ranges  0x00000030       0x28 HAL/LED/LED.o
 .debug_ranges  0x00000058       0x18 HAL/SSD/SSD.o
 .debug_ranges  0x00000070       0x48 MCAL/DIO/DIO.o
 .debug_ranges  0x000000b8       0x48 MCAL/I2C/I2C.o

.debug_macro
 *(.debug_macro)
OUTPUT(GccApplication1.elf elf32-avr)
LOAD linker stubs
